I'm sorry, but errors were detected in your script. Please correct the
errors listed below, and try again.


File "game/script.rpy", line 214: ATL statement contains two expressions in a row; is one of them a misspelled property? If not, separate them with pass.
    easeIn 3.0 yalign 1.0
               ^

Ren'Py Version: Ren'Py 7.1.1.929
Sun Jan 06 15:19:28 2019
